Archive member included to satisfy reference by file (symbol)

c:/users/salma/onedrive/desktop/embedded_systems/zipped/01- imt sdk-20230714t090256z-001/01- imt sdk/imt_sdk_win_64/winarm/armgcc/bin/../lib/gcc/arm-none-eabi/7.2.1/thumb/v7e-m\libgcc.a(_arm_addsubdf3.o)
                              ./src/SysTick_program.o (__aeabi_f2d)
c:/users/salma/onedrive/desktop/embedded_systems/zipped/01- imt sdk-20230714t090256z-001/01- imt sdk/imt_sdk_win_64/winarm/armgcc/bin/../lib/gcc/arm-none-eabi/7.2.1/thumb/v7e-m\libgcc.a(_arm_muldivdf3.o)
                              ./src/SysTick_program.o (__aeabi_ddiv)
c:/users/salma/onedrive/desktop/embedded_systems/zipped/01- imt sdk-20230714t090256z-001/01- imt sdk/imt_sdk_win_64/winarm/armgcc/bin/../lib/gcc/arm-none-eabi/7.2.1/thumb/v7e-m\libgcc.a(_arm_fixunsdfsi.o)
                              ./src/SysTick_program.o (__aeabi_d2uiz)
c:/users/salma/onedrive/desktop/embedded_systems/zipped/01- imt sdk-20230714t090256z-001/01- imt sdk/imt_sdk_win_64/winarm/armgcc/bin/../lib/gcc/arm-none-eabi/7.2.1/thumb/v7e-m\libgcc.a(_arm_muldivsf3.o)
                              ./src/SysTick_program.o (__aeabi_fmul)
c:/users/salma/onedrive/desktop/embedded_systems/zipped/01- imt sdk-20230714t090256z-001/01- imt sdk/imt_sdk_win_64/winarm/armgcc/bin/../lib/gcc/arm-none-eabi/7.2.1/../../../../arm-none-eabi/lib/thumb/v7e-m\libg_nano.a(lib_a-errno.o)
                              ./system/src/newlib/_sbrk.o (__errno)
c:/users/salma/onedrive/desktop/embedded_systems/zipped/01- imt sdk-20230714t090256z-001/01- imt sdk/imt_sdk_win_64/winarm/armgcc/bin/../lib/gcc/arm-none-eabi/7.2.1/../../../../arm-none-eabi/lib/thumb/v7e-m\libg_nano.a(lib_a-impure.o)
                              c:/users/salma/onedrive/desktop/embedded_systems/zipped/01- imt sdk-20230714t090256z-001/01- imt sdk/imt_sdk_win_64/winarm/armgcc/bin/../lib/gcc/arm-none-eabi/7.2.1/../../../../arm-none-eabi/lib/thumb/v7e-m\libg_nano.a(lib_a-errno.o) (_impure_ptr)
c:/users/salma/onedrive/desktop/embedded_systems/zipped/01- imt sdk-20230714t090256z-001/01- imt sdk/imt_sdk_win_64/winarm/armgcc/bin/../lib/gcc/arm-none-eabi/7.2.1/../../../../arm-none-eabi/lib/thumb/v7e-m\libg_nano.a(lib_a-strlen.o)
                              ./system/src/diag/Trace.o (strlen)
c:/users/salma/onedrive/desktop/embedded_systems/zipped/01- imt sdk-20230714t090256z-001/01- imt sdk/imt_sdk_win_64/winarm/armgcc/bin/../lib/gcc/arm-none-eabi/7.2.1/../../../../arm-none-eabi/lib/thumb/v7e-m\libg_nano.a(lib_a-vsnprintf.o)
                              ./system/src/diag/Trace.o (vsnprintf)
c:/users/salma/onedrive/desktop/embedded_systems/zipped/01- imt sdk-20230714t090256z-001/01- imt sdk/imt_sdk_win_64/winarm/armgcc/bin/../lib/gcc/arm-none-eabi/7.2.1/../../../../arm-none-eabi/lib/thumb/v7e-m\libg_nano.a(lib_a-nano-svfprintf.o)
                              c:/users/salma/onedrive/desktop/embedded_systems/zipped/01- imt sdk-20230714t090256z-001/01- imt sdk/imt_sdk_win_64/winarm/armgcc/bin/../lib/gcc/arm-none-eabi/7.2.1/../../../../arm-none-eabi/lib/thumb/v7e-m\libg_nano.a(lib_a-vsnprintf.o) (_svfprintf_r)
c:/users/salma/onedrive/desktop/embedded_systems/zipped/01- imt sdk-20230714t090256z-001/01- imt sdk/imt_sdk_win_64/winarm/armgcc/bin/../lib/gcc/arm-none-eabi/7.2.1/../../../../arm-none-eabi/lib/thumb/v7e-m\libg_nano.a(lib_a-nano-vfprintf_i.o)
                              c:/users/salma/onedrive/desktop/embedded_systems/zipped/01- imt sdk-20230714t090256z-001/01- imt sdk/imt_sdk_win_64/winarm/armgcc/bin/../lib/gcc/arm-none-eabi/7.2.1/../../../../arm-none-eabi/lib/thumb/v7e-m\libg_nano.a(lib_a-nano-svfprintf.o) (_printf_i)
c:/users/salma/onedrive/desktop/embedded_systems/zipped/01- imt sdk-20230714t090256z-001/01- imt sdk/imt_sdk_win_64/winarm/armgcc/bin/../lib/gcc/arm-none-eabi/7.2.1/../../../../arm-none-eabi/lib/thumb/v7e-m\libg_nano.a(lib_a-memchr.o)
                              c:/users/salma/onedrive/desktop/embedded_systems/zipped/01- imt sdk-20230714t090256z-001/01- imt sdk/imt_sdk_win_64/winarm/armgcc/bin/../lib/gcc/arm-none-eabi/7.2.1/../../../../arm-none-eabi/lib/thumb/v7e-m\libg_nano.a(lib_a-nano-svfprintf.o) (memchr)
c:/users/salma/onedrive/desktop/embedded_systems/zipped/01- imt sdk-20230714t090256z-001/01- imt sdk/imt_sdk_win_64/winarm/armgcc/bin/../lib/gcc/arm-none-eabi/7.2.1/../../../../arm-none-eabi/lib/thumb/v7e-m\libg_nano.a(lib_a-memcpy-stub.o)
                              c:/users/salma/onedrive/desktop/embedded_systems/zipped/01- imt sdk-20230714t090256z-001/01- imt sdk/imt_sdk_win_64/winarm/armgcc/bin/../lib/gcc/arm-none-eabi/7.2.1/../../../../arm-none-eabi/lib/thumb/v7e-m\libg_nano.a(lib_a-nano-svfprintf.o) (memcpy)
c:/users/salma/onedrive/desktop/embedded_systems/zipped/01- imt sdk-20230714t090256z-001/01- imt sdk/imt_sdk_win_64/winarm/armgcc/bin/../lib/gcc/arm-none-eabi/7.2.1/../../../../arm-none-eabi/lib/thumb/v7e-m\libg_nano.a(lib_a-memmove.o)
[...]
Memory Configuration

Name             Origin             Length             Attributes
RAM              0x20000000         0x00010000         xrw
CCMRAM           0x10000000         0x00000000         xrw
FLASH            0x08000000         0x00040000         xr
FLASHB1          0x00000000         0x00000000         xr
EXTMEMB0         0x00000000         0x00000000         xr
EXTMEMB1         0x00000000         0x00000000         xr
EXTMEMB2         0x00000000         0x00000000         xr
EXTMEMB3         0x00000000         0x00000000         xr
*default*        0x00000000         0xffffffff

Linker script and memory map

LOAD ./system/src/stm32f4-hal/stm32f4xx_hal.o
LOAD ./system/src/stm32f4-hal/stm32f4xx_hal_cortex.o
LOAD ./system/src/stm32f4-hal/stm32f4xx_hal_dfsdm.o
LOAD ./system/src/stm32f4-hal/stm32f4xx_hal_flash.o
LOAD ./system/src/stm32f4-hal/stm32f4xx_hal_gpio.o
LOAD ./system/src/stm32f4-hal/stm32f4xx_hal_iwdg.o
LOAD ./system/src/stm32f4-hal/stm32f4xx_hal_pwr.o
LOAD ./system/src/stm32f4-hal/stm32f4xx_hal_rcc.o
LOAD ./system/src/newlib/_cxx.o
LOAD ./system/src/newlib/_exit.o
LOAD ./system/src/newlib/_sbrk.o
LOAD ./system/src/newlib/_startup.o
LOAD ./system/src/newlib/_syscalls.o
LOAD ./system/src/newlib/assert.o
LOAD ./system/src/diag/Trace.o
LOAD ./system/src/diag/trace_impl.o
LOAD ./system/src/cortexm/_initialize_hardware.o
LOAD ./system/src/cortexm/_reset_hardware.o
LOAD ./system/src/cortexm/exception_handlers.o
LOAD ./system/src/cmsis/system_stm32f4xx.o
LOAD ./system/src/cmsis/vectors_stm32f401xc.o
LOAD ./src/EXTI_program.o
LOAD ./src/GPIO_program.o
LOAD ./src/Lcd_Program.o
LOAD ./src/NVIC_program.o
LOAD ./src/OS_program.o
LOAD ./src/RCC_program.o
LOAD ./src/SYSCFG_program.o
LOAD ./src/SysTick_program.o
LOAD ./src/main.o
LOAD c:/users/salma/onedrive/desktop/embedded_systems/zipped/01- imt sdk-20230714t090256z-001/01- imt sdk/imt_sdk_win_64/winarm/armgcc/bin/../lib/gcc/arm-none-eabi/7.2.1/../../../../arm-none-eabi/lib/thumb/v7e-m\libstdc++_nano.a
LOAD c:/users/salma/onedrive/desktop/embedded_systems/zipped/01- imt sdk-20230714t090256z-001/01- imt sdk/imt_sdk_win_64/winarm/armgcc/bin/../lib/gcc/arm-none-eabi/7.2.1/../../../../arm-none-eabi/lib/thumb/v7e-m\libm.a
START GROUP
LOAD c:/users/salma/onedrive/desktop/embedded_systems/zipped/01- imt sdk-20230714t090256z-001/01- imt sdk/imt_sdk_win_64/winarm/armgcc/bin/../lib/gcc/arm-none-eabi/7.2.1/thumb/v7e-m\libgcc.a
LOAD c:/users/salma/onedrive/desktop/embedded_systems/zipped/01- imt sdk-20230714t090256z-001/01- imt sdk/imt_sdk_win_64/winarm/armgcc/bin/../lib/gcc/arm-none-eabi/7.2.1/../../../../arm-none-eabi/lib/thumb/v7e-m\libg_nano.a
LOAD c:/users/salma/onedrive/desktop/embedded_systems/zipped/01- imt sdk-20230714t090256z-001/01- imt sdk/imt_sdk_win_64/winarm/armgcc/bin/../lib/gcc/arm-none-eabi/7.2.1/../../../../arm-none-eabi/lib/thumb/v7e-m\libc_nano.a
END GROUP
START GROUP
LOAD c:/users/salma/onedrive/desktop/embedded_systems/zipped/01- imt sdk-20230714t090256z-001/01- imt sdk/imt_sdk_win_64/winarm/armgcc/bin/../lib/gcc/arm-none-eabi/7.2.1/thumb/v7e-m\libgcc.a
LOAD c:/users/salma/onedrive/desktop/embedded_systems/zipped/01- imt sdk-20230714t090256z-001/01- imt sdk/imt_sdk_win_64/winarm/armgcc/bin/../lib/gcc/arm-none-eabi/7.2.1/../../../../arm-none-eabi/lib/thumb/v7e-m\libc_nano.a
END GROUP
                0x20010000                __stack = (ORIGIN (RAM) + LENGTH (RAM))
                0x20010000                _estack = __stack
                0x00000400                __Main_Stack_Size = 0x400
                [!provide]                PROVIDE (_Main_Stack_Size, __Main_Stack_Size)
                0x2000fc00                __Main_Stack_Limit = (__stack - __Main_Stack_Size)
                [!provide]                PROVIDE (_Main_Stack_Limit, __Main_Stack_Limit)
                0x00000100                _Minimum_Stack_Size = 0x100
                0x2000015c                PROVIDE (_Heap_Begin, _end_noinit)
                0x2000fc00                PROVIDE (_Heap_Limit, (__stack - __Main_Stack_Size))

.isr_vector     0x08000000      0x3f4
 FILL mask 0xff
                0x08000000                __vectors_start = ABSOLUTE (.)
                0x08000000                __vectors_start__ = ABSOLUTE (.)
 *(.isr_vector)
 .isr_vector    0x08000000      0x194 ./system/src/cmsis/vectors_stm32f401xc.o
                0x08000000                __isr_vectors
 *(.cfmconfig)
 *(.after_vectors .after_vectors.*)
 .after_vectors
                0x08000194      0x130 ./system/src/newlib/_startup.o
                0x08000194                _start
 .after_vectors
                0x080002c4      0x12c ./system/src/cortexm/exception_handlers.o
                0x080002c4                Reset_Handler
                0x080002ca                NMI_Handler
                0x080002ce                HardFault_Handler
                0x080002e2                HardFault_Handler_C
                0x08000340                MemManage_Handler
                0x08000344                BusFault_Handler
                0x08000358                BusFault_Handler_C
                0x0800038c                UsageFault_Handler
                0x080003a0                UsageFault_Handler_C
                0x080003d4                SVC_Handler
                0x080003d8                DebugMon_Handler
                0x080003dc                PendSV_Handler
 .after_vectors
                0x080003f0        0x4 ./system/src/cmsis/vectors_stm32f401xc.o
                0x080003f0                RTC_Alarm_IRQHandler
                0x080003f0                SPI4_IRQHandler
                0x080003f0                TIM1_CC_IRQHandler
                0x080003f0                DMA2_Stream5_IRQHandler
                0x080003f0                DMA1_Stream5_IRQHandler
                0x080003f0                PVD_IRQHandler
                0x080003f0                SDIO_IRQHandler
                0x080003f0                TAMP_STAMP_IRQHandler
                0x080003f0                TIM1_UP_TIM10_IRQHandler
                0x080003f0                I2C3_ER_IRQHandler
                0x080003f0                I2C2_EV_IRQHandler
                0x080003f0                DMA1_Stream2_IRQHandler
                0x080003f0                FPU_IRQHandler
                0x080003f0                DMA2_Stream2_IRQHandler
                0x080003f0                SPI1_IRQHandler
                0x080003f0                TIM1_BRK_TIM9_IRQHandler
                0x080003f0                DMA2_Stream3_IRQHandler
                0x080003f0                USART6_IRQHandler
                0x080003f0                DMA2_Stream0_IRQHandler
                0x080003f0                TIM4_IRQHandler
                0x080003f0                I2C1_EV_IRQHandler
                0x080003f0                DMA1_Stream6_IRQHandler
                0x080003f0                DMA1_Stream1_IRQHandler
                0x080003f0                TIM3_IRQHandler
                0x080003f0                RCC_IRQHandler
                0x080003f0                Default_Handler
                0x080003f0                EXTI15_10_IRQHandler
                0x080003f0                ADC_IRQHandler
                0x080003f0                DMA1_Stream7_IRQHandler
                0x080003f0                TIM5_IRQHandler
                0x080003f0                DMA2_Stream7_IRQHandler
                0x080003f0                I2C3_EV_IRQHandler
                0x080003f0                EXTI9_5_IRQHandler
                0x080003f0                RTC_WKUP_IRQHandler
                0x080003f0                SPI2_IRQHandler
                0x080003f0                DMA1_Stream0_IRQHandler
                0x080003f0                WWDG_IRQHandler
                0x080003f0                TIM2_IRQHandler
                0x080003f0                OTG_FS_WKUP_IRQHandler
                0x080003f0                TIM1_TRG_COM_TIM11_IRQHandler
                0x080003f0                USART2_IRQHandler
                0x080003f0                I2C2_ER_IRQHandler
                0x080003f0                DMA2_Stream1_IRQHandler
                0x080003f0                FLASH_IRQHandler
                0x080003f0                DMA2_Stream4_IRQHandler
                0x080003f0                USART1_IRQHandler
                0x080003f0                OTG_FS_IRQHandler
                0x080003f0                SPI3_IRQHandler
                0x080003f0                DMA1_Stream4_IRQHandler
                0x080003f0                I2C1_ER_IRQHandler
                0x080003f0                DMA2_Stream6_IRQHandler
                0x080003f0                DMA1_Stream3_IRQHandler

.inits          0x080003f4       0x28
                0x080003f4                __data_regions_array_start = .
                0x080003f4        0x4 LONG 0x8001604 LOADADDR (.data)
                0x080003f8        0x4 LONG 0x20000000 ADDR (.data)
                0x080003fc        0x4 LONG 0x20000078 (ADDR (.data) + SIZEOF (.data))
                0x08000400        0x4 LONG 0x8001604 LOADADDR (.data_CCMRAM)
                0x08000404        0x4 LONG 0x10000000 ADDR (.data_CCMRAM)
                0x08000408        0x4 LONG 0x10000000 (ADDR (.data_CCMRAM) + SIZEOF (.data_CCMRAM))
                0x0800040c                __data_regions_array_end = .
                0x0800040c                __bss_regions_array_start = .
                0x0800040c        0x4 LONG 0x20000078 ADDR (.bss)
                0x08000410        0x4 LONG 0x2000015c (ADDR (.bss) + SIZEOF (.bss))
                0x08000414        0x4 LONG 0x10000000 ADDR (.bss_CCMRAM)
                0x08000418        0x4 LONG 0x10000000 (ADDR (.bss_CCMRAM) + SIZEOF (.bss_CCMRAM))
                0x0800041c                __bss_regions_array_end = .
 *(.init)
 *(.fini)
                0x0800041c                . = ALIGN (0x4)
                0x0800041c                PROVIDE (__preinit_array_start, .)
 *(.preinit_array_sysinit .preinit_array_sysinit.*)
 *(.preinit_array_platform .preinit_array_platform.*)
 *(.preinit_array .preinit_array.*)
                0x0800041c                PROVIDE (__preinit_array_end, .)
                0x0800041c                . = ALIGN (0x4)
                0x0800041c                PROVIDE (__init_array_start, .)
 *(SORT_BY_NAME(.init_array.*))
 *(.init_array)
                0x0800041c                PROVIDE (__init_array_end, .)
                0x0800041c                . = ALIGN (0x4)
                0x0800041c                PROVIDE (__fini_array_start, .)
 *(SORT_BY_NAME(.fini_array.*))
 *(.fini_array)
                0x0800041c                PROVIDE (__fini_array_end, .)

.flashtext
 *(.flashtext .flashtext.*)

.text           0x08000420     0x11e3
 *(.text .text.*)
 .text._exit    0x08000420        0x2 ./system/src/newlib/_exit.o
                0x08000420                _exit
 *fill*         0x08000422        0x2 
 .text._sbrk    0x08000424       0x44 ./system/src/newlib/_sbrk.o
                0x08000424                _sbrk
 .text.__initialize_args
                0x08000468       0x10 ./system/src/newlib/_syscalls.o
                0x08000468                __initialize_args
 .text.trace_printf
                0x08000478       0x30 ./system/src/diag/Trace.o
                0x08000478                trace_printf
 .text._trace_write_semihosting_debug
                0x080004a8       0x60 ./system/src/diag/trace_impl.o
 .text.trace_write
                0x08000508        0x8 ./system/src/diag/trace_impl.o
                0x08000508                trace_write
 .text.__initialize_hardware_early
                0x08000510       0x18 ./system/src/cortexm/_initialize_hardware.o
                0x08000510                __initialize_hardware_early
 .text.__initialize_hardware
                0x08000528        0x8 ./system/src/cortexm/_initialize_hardware.o
                0x08000528                __initialize_hardware
 .text.dumpExceptionStack
                0x08000530       0xf4 ./system/src/cortexm/exception_handlers.o
                0x08000530                dumpExceptionStack
 .text.isSemihosting
                0x08000624       0x20 ./system/src/cortexm/exception_handlers.o
                0x08000624                isSemihosting
 .text.SystemInit
                0x08000644       0x40 ./system/src/cmsis/system_stm32f4xx.o
                0x08000644                SystemInit
 .text.SystemCoreClockUpdate
                0x08000684       0xa0 ./system/src/cmsis/system_stm32f4xx.o
                0x08000684                SystemCoreClockUpdate
 .text.EXTI_vidSetCallBack
                0x08000724        0xc ./src/EXTI_program.o
                0x08000724                EXTI_vidSetCallBack
 .text.EXTI0_IRQHandler
                0x08000730       0x1c ./src/EXTI_program.o
                0x08000730                EXTI0_IRQHandler
 .text.EXTI1_IRQHandler
                0x0800074c       0x1c ./src/EXTI_program.o
                0x0800074c                EXTI1_IRQHandler
 .text.EXTI2_IRQHandler
                0x08000768       0x1c ./src/EXTI_program.o
                0x08000768                EXTI2_IRQHandler
 .text.EXTI3_IRQHandler
                0x08000784       0x1c ./src/EXTI_program.o
                0x08000784                EXTI3_IRQHandler
 .text.EXTI4_IRQHandler
                0x080007a0       0x1c ./src/EXTI_program.o
                0x080007a0                EXTI4_IRQHandler
 .text.GPIO_voidSetPinDirOutput
                0x080007bc      0x108 ./src/GPIO_program.o
                0x080007bc                GPIO_voidSetPinDirOutput
 .text.GPIO_voidSetPinValue
                0x080008c4       0x90 ./src/GPIO_program.o
                0x080008c4                GPIO_voidSetPinValue
 .text.NVIC_voidEnableInterrupt
                0x08000954       0x2c ./src/NVIC_program.o
                0x08000954                NVIC_voidEnableInterrupt
 .text.NVIC_voidSetPendingFlag
                0x08000980       0x2c ./src/NVIC_program.o
                0x08000980                NVIC_voidSetPendingFlag
 .text.NVIC_voidSetPriority
                0x080009ac       0x20 ./src/NVIC_program.o
                0x080009ac                NVIC_voidSetPriority
 .text.RCC_voidInitSysClock
                0x080009cc       0x14 ./src/RCC_program.o
                0x080009cc                RCC_voidInitSysClock
 .text.RCC_voidEnableClock
                0x080009e0       0x4c ./src/RCC_program.o
                0x080009e0                RCC_voidEnableClock
 .text.STK_Reset
                0x08000a2c       0x18 ./src/SysTick_program.o
                0x08000a2c                STK_Reset
 .text.SysTick_Handler
                0x08000a44       0x34 ./src/SysTick_program.o
                0x08000a44                SysTick_Handler
 .text.delay    0x08000a78       0x1c ./src/main.o
                0x08000a78                delay
 .text.ahmed    0x08000a94       0x50 ./src/main.o
                0x08000a94                ahmed
 .text.atia     0x08000ae4       0x40 ./src/main.o
                0x08000ae4                atia
 .text.main     0x08000b24       0x68 ./src/main.o
                0x08000b24                main
 .text.__errno  0x08000b8c        0xc c:/users/salma/onedrive/desktop/embedded_systems/zipped/01- imt sdk-20230714t090256z-001/01- imt sdk/imt_sdk_win_64/winarm/armgcc/bin/../lib/gcc/arm-none-eabi/7.2.1/../../../../arm-none-eabi/lib/thumb/v7e-m\libg_nano.a(lib_a-errno.o)
                0x08000b8c                __errno
 .text._vsnprintf_r
                0x08000b98       0x58 c:/users/salma/onedrive/desktop/embedded_systems/zipped/01- imt sdk-20230714t090256z-001/01- imt sdk/imt_sdk_win_64/winarm/armgcc/bin/../lib/gcc/arm-none-eabi/7.2.1/../../../../arm-none-eabi/lib/thumb/v7e-m\libg_nano.a(lib_a-vsnprintf.o)
                0x08000b98                _vsniprintf_r
                0x08000b98                _vsnprintf_r
 .text.vsnprintf
                0x08000bf0       0x1c c:/users/salma/onedrive/desktop/embedded_systems/zipped/01- imt sdk-20230714t090256z-001/01- imt sdk/imt_sdk_win_64/winarm/armgcc/bin/../lib/gcc/arm-none-eabi/7.2.1/../../../../arm-none-eabi/lib/thumb/v7e-m\libg_nano.a(lib_a-vsnprintf.o)
                0x08000bf0                vsniprintf
                0x08000bf0                vsnprintf
 .text.__ssputs_r
                0x08000c0c       0xb4 c:/users/salma/onedrive/desktop/embedded_systems/zipped/01- imt sdk-20230714t090256z-001/01- imt sdk/imt_sdk_win_64/winarm/armgcc/bin/../lib/gcc/arm-none-eabi/7.2.1/../../../../arm-none-eabi/lib/thumb/v7e-m\libg_nano.a(lib_a-nano-svfprintf.o)
                0x08000c0c                __ssputs_r
 .text._svfprintf_r
                0x08000cc0      0x1ec c:/users/salma/onedrive/desktop/embedded_systems/zipped/01- imt sdk-20230714t090256z-001/01- imt sdk/imt_sdk_win_64/winarm/armgcc/bin/../lib/gcc/arm-none-eabi/7.2.1/../../../../arm-none-eabi/lib/thumb/v7e-m\libg_nano.a(lib_a-nano-svfprintf.o)
                0x08000cc0                _svfiprintf_r
                0x08000cc0                _svfprintf_r
 .text._printf_common
                0x08000eac       0xea c:/users/salma/onedrive/desktop/embedded_systems/zipped/01- imt sdk-20230714t090256z-001/01- imt sdk/imt_sdk_win_64/winarm/armgcc/bin/../lib/gcc/arm-none-eabi/7.2.1/../../../../arm-none-eabi/lib/thumb/v7e-m\libg_nano.a(lib_a-nano-vfprintf_i.o)
                0x08000eac                _printf_common
 *fill*         0x08000f96        0x2 
 .text._printf_i
                0x08000f98      0x224 c:/users/salma/onedrive/desktop/embedded_systems/zipped/01- imt sdk-20230714t090256z-001/01- imt sdk/imt_sdk_win_64/winarm/armgcc/bin/../lib/gcc/arm-none-eabi/7.2.1/../../../../arm-none-eabi/lib/thumb/v7e-m\libg_nano.a(lib_a-nano-vfprintf_i.o)
                0x08000f98                _printf_i
 *fill*         0x080011bc        0x4 
 .text          0x080011c0       0xa0 c:/users/salma/onedrive/desktop/embedded_systems/zipped/01- imt sdk-20230714t090256z-001/01- imt sdk/imt_sdk_win_64/winarm/armgcc/bin/../lib/gcc/arm-none-eabi/7.2.1/../../../../arm-none-eabi/lib/thumb/v7e-m\libg_nano.a(lib_a-memchr.o)
                0x080011c0                memchr
 .text.memcpy   0x08001260       0x16 c:/users/salma/onedrive/desktop/embedded_systems/zipped/01- imt sdk-20230714t090256z-001/01- imt sdk/imt_sdk_win_64/winarm/armgcc/bin/../lib/gcc/arm-none-eabi/7.2.1/../../../../arm-none-eabi/lib/thumb/v7e-m\libg_nano.a(lib_a-memcpy-stub.o)
                0x08001260                memcpy
 .text.memmove  0x08001276       0x32 c:/users/salma/onedrive/desktop/embedded_systems/zipped/01- imt sdk-20230714t090256z-001/01- imt sdk/imt_sdk_win_64/winarm/armgcc/bin/../lib/gcc/arm-none-eabi/7.2.1/../../../../arm-none-eabi/lib/thumb/v7e-m\libg_nano.a(lib_a-memmove.o)
                0x08001276                memmove
 .text._free_r  0x080012a8       0x9c c:/users/salma/onedrive/desktop/embedded_systems/zipped/01- imt sdk-20230714t090256z-001/01- imt sdk/imt_sdk_win_64/winarm/armgcc/bin/../lib/gcc/arm-none-eabi/7.2.1/../../../../arm-none-eabi/lib/thumb/v7e-m\libg_nano.a(lib_a-nano-freer.o)
                0x080012a8                _free_r
 .text._malloc_r
                0x08001344       0xb4 c:/users/salma/onedrive/desktop/embedded_systems/zipped/01- imt sdk-20230714t090256z-001/01- imt sdk/imt_sdk_win_64/winarm/armgcc/bin/../lib/gcc/arm-none-eabi/7.2.1/../../../../arm-none-eabi/lib/thumb/v7e-m\libg_nano.a(lib_a-nano-mallocr.o)
                0x08001344                _malloc_r
 .text._realloc_r
                0x080013f8       0x4c c:/users/salma/onedrive/desktop/embedded_systems/zipped/01- imt sdk-20230714t090256z-001/01- imt sdk/imt_sdk_win_64/winarm/armgcc/bin/../lib/gcc/arm-none-eabi/7.2.1/../../../../arm-none-eabi/lib/thumb/v7e-m\libg_nano.a(lib_a-nano-reallocr.o)
                0x080013f8                _realloc_r
 .text._sbrk_r  0x08001444       0x20 c:/users/salma/onedrive/desktop/embedded_systems/zipped/01- imt sdk-20230714t090256z-001/01- imt sdk/imt_sdk_win_64/winarm/armgcc/bin/../lib/gcc/arm-none-eabi/7.2.1/../../../../arm-none-eabi/lib/thumb/v7e-m\libg_nano.a(lib_a-sbrkr.o)
                0x08001444                _sbrk_r
 .text.__malloc_lock
                0x08001464        0x2 c:/users/salma/onedrive/desktop/embedded_systems/zipped/01- imt sdk-20230714t090256z-001/01- imt sdk/imt_sdk_win_64/winarm/armgcc/bin/../lib/gcc/arm-none-eabi/7.2.1/../../../../arm-none-eabi/lib/thumb/v7e-m\libg_nano.a(lib_a-mlock.o)
                0x08001464                __malloc_lock
 .text.__malloc_unlock
                0x08001466        0x2 c:/users/salma/onedrive/desktop/embedded_systems/zipped/01- imt sdk-20230714t090256z-001/01- imt sdk/imt_sdk_win_64/winarm/armgcc/bin/../lib/gcc/arm-none-eabi/7.2.1/../../../../arm-none-eabi/lib/thumb/v7e-m\libg_nano.a(lib_a-mlock.o)
                0x08001466                __malloc_unlock
 .text._malloc_usable_size_r
                0x08001468       0x10 c:/users/salma/onedrive/desktop/embedded_systems/zipped/01- imt sdk-20230714t090256z-001/01- imt sdk/imt_sdk_win_64/winarm/armgcc/bin/../lib/gcc/arm-none-eabi/7.2.1/../../../../arm-none-eabi/lib/thumb/v7e-m\libg_nano.a(lib_a-nano-msizer.o)
                0x08001468                _malloc_usable_size_r
 *(.rodata .rodata.* .constdata .constdata.*)
 .rodata.dumpExceptionStack.str1.4
                0x08001478      0x11a ./system/src/cortexm/exception_handlers.o
 *fill*         0x08001592        0x2 
 .rodata.str1.4
                0x08001594       0x2c ./system/src/cortexm/exception_handlers.o
                                 0x2a (size before relaxing)
 .rodata.AHBPrescTable
                0x080015c0       0x10 ./system/src/cmsis/system_stm32f4xx.o
                0x080015c0                AHBPrescTable
 .rodata._svfprintf_r.str1.1
                0x080015d0       0x11 c:/users/salma/onedrive/desktop/embedded_systems/zipped/01- imt sdk-20230714t090256z-001/01- imt sdk/imt_sdk_win_64/winarm/armgcc/bin/../lib/gcc/arm-none-eabi/7.2.1/../../../../arm-none-eabi/lib/thumb/v7e-m\libg_nano.a(lib_a-nano-svfprintf.o)
 .rodata._printf_i.str1.1
                0x080015e1       0x22 c:/users/salma/onedrive/desktop/embedded_systems/zipped/01- imt sdk-20230714t090256z-001/01- imt sdk/imt_sdk_win_64/winarm/armgcc/bin/../lib/gcc/arm-none-eabi/7.2.1/../../../../arm-none-eabi/lib/thumb/v7e-m\libg_nano.a(lib_a-nano-vfprintf_i.o)
 *(vtable)
 *(.eh_frame*)
 *(.glue_7)
 .glue_7        0x08001603        0x0 linker stubs
 *(.glue_7t)
 .glue_7t       0x08001603        0x0 linker stubs

.vfp11_veneer   0x08001604        0x0
 .vfp11_veneer  0x08001604        0x0 linker stubs

.v4_bx          0x08001604        0x0
 .v4_bx         0x08001604        0x0 linker stubs

.iplt           0x08001604        0x0
 .iplt          0x08001604        0x0 ./system/src/newlib/_exit.o

.rel.dyn        0x08001604        0x0
 .rel.iplt      0x08001604        0x0 ./system/src/newlib/_exit.o

.ARM.extab
 *(.ARM.extab* .gnu.linkonce.armextab.*)
                0x08001604                . = ALIGN (0x4)
                0x08001604                __exidx_start = .

.ARM.exidx
 *(.ARM.exidx* .gnu.linkonce.armexidx.*)
                0x08001604                __exidx_end = .
                0x08001604                . = ALIGN (0x4)
                0x08001604                _etext = .
                0x08001604                __etext = .

.data_CCMRAM    0x10000000        0x0 load address 0x08001604
 FILL mask 0xff
 *(.data.CCMRAM .data.CCMRAM.*)
                0x10000000                . = ALIGN (0x4)
                0x08001604                _sidata = LOADADDR (.data)

.data           0x20000000       0x78 load address 0x08001604
 FILL mask 0xff
                0x20000000                _sdata = .
                0x20000000                __data_start__ = .
 *(.data_begin .data_begin.*)
 .data_begin    0x20000000        0x4 ./system/src/newlib/_startup.o
 *(.data .data.*)
 .data.argv.4310
                0x20000004        0x8 ./system/src/newlib/_syscalls.o
 .data.SystemCoreClock
                0x2000000c        0x4 ./system/src/cmsis/system_stm32f4xx.o
                0x2000000c                SystemCoreClock
 .data._impure_ptr
                0x20000010        0x4 c:/users/salma/onedrive/desktop/embedded_systems/zipped/01- imt sdk-20230714t090256z-001/01- imt sdk/imt_sdk_win_64/winarm/armgcc/bin/../lib/gcc/arm-none-eabi/7.2.1/../../../../arm-none-eabi/lib/thumb/v7e-m\libg_nano.a(lib_a-impure.o)
                0x20000010                _impure_ptr
 .data.impure_data
                0x20000014       0x60 c:/users/salma/onedrive/desktop/embedded_systems/zipped/01- imt sdk-20230714t090256z-001/01- imt sdk/imt_sdk_win_64/winarm/armgcc/bin/../lib/gcc/arm-none-eabi/7.2.1/../../../../arm-none-eabi/lib/thumb/v7e-m\libg_nano.a(lib_a-impure.o)
 *(.data_end .data_end.*)
 .data_end      0x20000074        0x4 ./system/src/newlib/_startup.o
                0x20000078                . = ALIGN (0x4)
                0x20000078                _edata = .
                0x20000078                __data_end__ = .

.igot.plt       0x20000078        0x0 load address 0x0800167c
 .igot.plt      0x20000078        0x0 ./system/src/newlib/_exit.o

.bss_CCMRAM     0x10000000        0x0
 *(.bss.CCMRAM .bss.CCMRAM.*)

.bss            0x20000078       0xe4
                0x20000078                __bss_start__ = .
                0x20000078                _sbss = .
 *(.bss_begin .bss_begin.*)
 .bss_begin     0x20000078        0x4 ./system/src/newlib/_startup.o
 *(.bss .bss.*)
 .bss.current_heap_end.3961
                0x2000007c        0x4 ./system/src/newlib/_sbrk.o
 .bss.name.4309
                0x20000080        0x1 ./system/src/newlib/_syscalls.o
 *fill*         0x20000081        0x3 
 .bss.buf.5205  0x20000084       0x80 ./system/src/diag/Trace.o
 .bss.EXTI_callback
                0x20000104       0x40 ./src/EXTI_program.o
 .bss.STK_Callback
                0x20000144        0x4 ./src/SysTick_program.o
 .bss.STK_ModeOfInterval
                0x20000148        0x1 ./src/SysTick_program.o
 .bss.state.3778
                0x20000149        0x1 ./src/main.o
 .bss.state.3783
                0x2000014a        0x1 ./src/main.o
 *fill*         0x2000014b        0x1 
 .bss.__malloc_free_list
                0x2000014c        0x4 c:/users/salma/onedrive/desktop/embedded_systems/zipped/01- imt sdk-20230714t090256z-001/01- imt sdk/imt_sdk_win_64/winarm/armgcc/bin/../lib/gcc/arm-none-eabi/7.2.1/../../../../arm-none-eabi/lib/thumb/v7e-m\libg_nano.a(lib_a-nano-mallocr.o)
                0x2000014c                __malloc_free_list
 .bss.__malloc_sbrk_start
                0x20000150        0x4 c:/users/salma/onedrive/desktop/embedded_systems/zipped/01- imt sdk-20230714t090256z-001/01- imt sdk/imt_sdk_win_64/winarm/armgcc/bin/../lib/gcc/arm-none-eabi/7.2.1/../../../../arm-none-eabi/lib/thumb/v7e-m\libg_nano.a(lib_a-nano-mallocr.o)
                0x20000150                __malloc_sbrk_start
 *(COMMON)
 COMMON         0x20000154        0x4 ./system/src/newlib/_syscalls.o
                0x20000154                errno
 *(.bss_end .bss_end.*)
 .bss_end       0x20000158        0x4 ./system/src/newlib/_startup.o
                0x2000015c                . = ALIGN (0x4)
                0x2000015c                __bss_end__ = .
                0x2000015c                _ebss = .

.noinit_CCMRAM
 *(.noinit.CCMRAM .noinit.CCMRAM.*)

.noinit         0x2000015c        0x0
                0x2000015c                _noinit = .
 *(.noinit .noinit.*)
                0x2000015c                . = ALIGN (0x4)
                0x2000015c                _end_noinit = .
                [!provide]                PROVIDE (end, _end_noinit)
                [!provide]                PROVIDE (_end, _end_noinit)
                [!provide]                PROVIDE (__end, _end_noinit)
                [!provide]                PROVIDE (__end__, _end_noinit)

._check_stack   0x2000015c      0x100
                0x2000025c                . = (. + _Minimum_Stack_Size)
 *fill*         0x2000015c      0x100 

.b1text
 *(.b1text)
 *(.b1rodata)
 *(.b1rodata.*)

.eb0text
 *(.eb0text)
 *(.eb0rodata)
 *(.eb0rodata.*)

.eb1text
 *(.eb1text)
 *(.eb1rodata)
 *(.eb1rodata.*)

.eb2text
 *(.eb2text)
 *(.eb2rodata)
 *(.eb2rodata.*)

.eb3text
 *(.eb3text)
 *(.eb3rodata)
 *(.eb3rodata.*)

.stab
 *(.stab)

.stabstr
 *(.stabstr)

.stab.excl
 *(.stab.excl)

.stab.exclstr
 *(.stab.exclstr)

.stab.index
 *(.stab.index)

.stab.indexstr
 *(.stab.indexstr)

.comment        0x00000000       0x7e
 *(.comment)
 .comment       0x00000000       0x7e ./system/src/newlib/_exit.o
                                 0x7f (size before relaxing)
 .comment       0x0000007e       0x7f ./system/src/newlib/_sbrk.o
 .comment       0x0000007e       0x7f ./system/src/newlib/_startup.o
 .comment       0x0000007e       0x7f ./system/src/newlib/_syscalls.o
 .comment       0x0000007e       0x7f ./system/src/diag/Trace.o
 .comment       0x0000007e       0x7f ./system/src/diag/trace_impl.o
 .comment       0x0000007e       0x7f ./system/src/cortexm/_initialize_hardware.o
 .comment       0x0000007e       0x7f ./system/src/cortexm/exception_handlers.o
 .comment       0x0000007e       0x7f ./system/src/cmsis/system_stm32f4xx.o
 .comment       0x0000007e       0x7f ./system/src/cmsis/vectors_stm32f401xc.o
 .comment       0x0000007e       0x7f ./src/EXTI_program.o
 .comment       0x0000007e       0x7f ./src/GPIO_program.o
 .comment       0x0000007e       0x7f ./src/NVIC_program.o
 .comment       0x0000007e       0x7f ./src/RCC_program.o
 .comment       0x0000007e       0x7f ./src/SysTick_program.o
 .comment       0x0000007e       0x7f ./src/main.o

.ARM.attributes
                0x00000000       0x31
 .ARM.attributes
                0x00000000       0x33 ./system/src/newlib/_exit.o
 .ARM.attributes
                0x00000033       0x33 ./system/src/newlib/_sbrk.o
 .ARM.attributes
                0x00000066       0x33 ./system/src/newlib/_startup.o
 .ARM.attributes
                0x00000099       0x33 ./system/src/newlib/_syscalls.o
 .ARM.attributes
                0x000000cc       0x33 ./system/src/diag/Trace.o
 .ARM.attributes
                0x000000ff       0x33 ./system/src/diag/trace_impl.o
 .ARM.attributes
                0x00000132       0x33 ./system/src/cortexm/_initialize_hardware.o
 .ARM.attributes
                0x00000165       0x33 ./system/src/cortexm/exception_handlers.o
 .ARM.attributes
                0x00000198       0x33 ./system/src/cmsis/system_stm32f4xx.o
 .ARM.attributes
                0x000001cb       0x33 ./system/src/cmsis/vectors_stm32f401xc.o
 .ARM.attributes
                0x000001fe       0x33 ./src/EXTI_program.o
 .ARM.attributes
                0x00000231       0x33 ./src/GPIO_program.o
 .ARM.attributes
                0x00000264       0x33 ./src/NVIC_program.o
 .ARM.attributes
                0x00000297       0x33 ./src/RCC_program.o
 .ARM.attributes
                0x000002ca       0x33 ./src/SysTick_program.o
 .ARM.attributes
                0x000002fd       0x33 ./src/main.o
 .ARM.attributes
                0x00000330       0x2e c:/users/salma/onedrive/desktop/embedded_systems/zipped/01- imt sdk-20230714t090256z-001/01- imt sdk/imt_sdk_win_64/winarm/armgcc/bin/../lib/gcc/arm-none-eabi/7.2.1/../../../../arm-none-eabi/lib/thumb/v7e-m\libg_nano.a(lib_a-errno.o)
 .ARM.attributes
                0x0000035e       0x2e c:/users/salma/onedrive/desktop/embedded_systems/zipped/01- imt sdk-20230714t090256z-001/01- imt sdk/imt_sdk_win_64/winarm/armgcc/bin/../lib/gcc/arm-none-eabi/7.2.1/../../../../arm-none-eabi/lib/thumb/v7e-m\libg_nano.a(lib_a-impure.o)
 .ARM.attributes
                0x0000038c       0x2e c:/users/salma/onedrive/desktop/embedded_systems/zipped/01- imt sdk-20230714t090256z-001/01- imt sdk/imt_sdk_win_64/winarm/armgcc/bin/../lib/gcc/arm-none-eabi/7.2.1/../../../../arm-none-eabi/lib/thumb/v7e-m\libg_nano.a(lib_a-vsnprintf.o)
 .ARM.attributes
                0x000003ba       0x2e c:/users/salma/onedrive/desktop/embedded_systems/zipped/01- imt sdk-20230714t090256z-001/01- imt sdk/imt_sdk_win_64/winarm/armgcc/bin/../lib/gcc/arm-none-eabi/7.2.1/../../../../arm-none-eabi/lib/thumb/v7e-m\libg_nano.a(lib_a-nano-svfprintf.o)
 .ARM.attributes
                0x000003e8       0x2e c:/users/salma/onedrive/desktop/embedded_systems/zipped/01- imt sdk-20230714t090256z-001/01- imt sdk/imt_sdk_win_64/winarm/armgcc/bin/../lib/gcc/arm-none-eabi/7.2.1/../../../../arm-none-eabi/lib/thumb/v7e-m\libg_nano.a(lib_a-nano-vfprintf_i.o)
 .ARM.attributes
                0x00000416       0x1c c:/users/salma/onedrive/desktop/embedded_systems/zipped/01- imt sdk-20230714t090256z-001/01- imt sdk/imt_sdk_win_64/winarm/armgcc/bin/../lib/gcc/arm-none-eabi/7.2.1/../../../../arm-none-eabi/lib/thumb/v7e-m\libg_nano.a(lib_a-memchr.o)
 .ARM.attributes
                0x00000432       0x2e c:/users/salma/onedrive/desktop/embedded_systems/zipped/01- imt sdk-20230714t090256z-001/01- imt sdk/imt_sdk_win_64/winarm/armgcc/bin/../lib/gcc/arm-none-eabi/7.2.1/../../../../arm-none-eabi/lib/thumb/v7e-m\libg_nano.a(lib_a-memcpy-stub.o)
 .ARM.attributes
                0x00000460       0x2e c:/users/salma/onedrive/desktop/embedded_systems/zipped/01- imt sdk-20230714t090256z-001/01- imt sdk/imt_sdk_win_64/winarm/armgcc/bin/../lib/gcc/arm-none-eabi/7.2.1/../../../../arm-none-eabi/lib/thumb/v7e-m\libg_nano.a(lib_a-memmove.o)
 .ARM.attributes
                0x0000048e       0x2e c:/users/salma/onedrive/desktop/embedded_systems/zipped/01- imt sdk-20230714t090256z-001/01- imt sdk/imt_sdk_win_64/winarm/armgcc/bin/../lib/gcc/arm-none-eabi/7.2.1/../../../../arm-none-eabi/lib/thumb/v7e-m\libg_nano.a(lib_a-nano-freer.o)
 .ARM.attributes
                0x000004bc       0x2e c:/users/salma/onedrive/desktop/embedded_systems/zipped/01- imt sdk-20230714t090256z-001/01- imt sdk/imt_sdk_win_64/winarm/armgcc/bin/../lib/gcc/arm-none-eabi/7.2.1/../../../../arm-none-eabi/lib/thumb/v7e-m\libg_nano.a(lib_a-nano-mallocr.o)
 .ARM.attributes
                0x000004ea       0x2e c:/users/salma/onedrive/desktop/embedded_systems/zipped/01- imt sdk-20230714t090256z-001/01- imt sdk/imt_sdk_win_64/winarm/armgcc/bin/../lib/gcc/arm-none-eabi/7.2.1/../../../../arm-none-eabi/lib/thumb/v7e-m\libg_nano.a(lib_a-nano-reallocr.o)
 .ARM.attributes
                0x00000518       0x2e c:/users/salma/onedrive/desktop/embedded_systems/zipped/01- imt sdk-20230714t090256z-001/01- imt sdk/imt_sdk_win_64/winarm/armgcc/bin/../lib/gcc/arm-none-eabi/7.2.1/../../../../arm-none-eabi/lib/thumb/v7e-m\libg_nano.a(lib_a-sbrkr.o)
 .ARM.attributes
                0x00000546       0x2e c:/users/salma/onedrive/desktop/embedded_systems/zipped/01- imt sdk-20230714t090256z-001/01- imt sdk/imt_sdk_win_64/winarm/armgcc/bin/../lib/gcc/arm-none-eabi/7.2.1/../../../../arm-none-eabi/lib/thumb/v7e-m\libg_nano.a(lib_a-mlock.o)
 .ARM.attributes
                0x00000574       0x2e c:/users/salma/onedrive/desktop/embedded_systems/zipped/01- imt sdk-20230714t090256z-001/01- imt sdk/imt_sdk_win_64/winarm/armgcc/bin/../lib/gcc/arm-none-eabi/7.2.1/../../../../arm-none-eabi/lib/thumb/v7e-m\libg_nano.a(lib_a-nano-msizer.o)

.debug
 *(.debug)

.line
 *(.line)

.debug_srcinfo
 *(.debug_srcinfo)

.debug_sfnames
 *(.debug_sfnames)

.debug_aranges  0x00000000      0x450
 *(.debug_aranges)
 .debug_aranges
                0x00000000       0x28 ./system/src/newlib/_exit.o
 .debug_aranges
                0x00000028       0x20 ./system/src/newlib/_sbrk.o
 .debug_aranges
                0x00000048       0x40 ./system/src/newlib/_startup.o
 .debug_aranges
                0x00000088       0x30 ./system/src/newlib/_syscalls.o
 .debug_aranges
                0x000000b8       0x38 ./system/src/diag/Trace.o
 .debug_aranges
                0x000000f0       0x30 ./system/src/diag/trace_impl.o
 .debug_aranges
                0x00000120       0x28 ./system/src/cortexm/_initialize_hardware.o
 .debug_aranges
                0x00000148       0x90 ./system/src/cortexm/exception_handlers.o
 .debug_aranges
                0x000001d8       0x28 ./system/src/cmsis/system_stm32f4xx.o
 .debug_aranges
                0x00000200       0x20 ./system/src/cmsis/vectors_stm32f401xc.o
 .debug_aranges
                0x00000220       0xc8 ./src/EXTI_program.o
 .debug_aranges
                0x000002e8       0x40 ./src/GPIO_program.o
 .debug_aranges
                0x00000328       0x50 ./src/NVIC_program.o
 .debug_aranges
                0x00000378       0x30 ./src/RCC_program.o
 .debug_aranges
                0x000003a8       0x70 ./src/SysTick_program.o
 .debug_aranges
                0x00000418       0x38 ./src/main.o

.debug_pubnames
 *(.debug_pubnames)

.debug_info     0x00000000     0x6ff5
 *(.debug_info .gnu.linkonce.wi.*)
 .debug_info    0x00000000      0x956 ./system/src/newlib/_exit.o
 .debug_info    0x00000956      0x942 ./system/src/newlib/_sbrk.o
 .debug_info    0x00001298      0x4bf ./system/src/newlib/_startup.o
 .debug_info    0x00001757      0xa19 ./system/src/newlib/_syscalls.o
 .debug_info    0x00002170      0xb2a ./system/src/diag/Trace.o
 .debug_info    0x00002c9a      0xb6b ./system/src/diag/trace_impl.o
 .debug_info    0x00003805      0xade ./system/src/cortexm/_initialize_hardware.o
 .debug_info    0x000042e3     0x115a ./system/src/cortexm/exception_handlers.o
 .debug_info    0x0000543d      0xcfe ./system/src/cmsis/system_stm32f4xx.o
 .debug_info    0x0000613b       0xca ./system/src/cmsis/vectors_stm32f401xc.o
 .debug_info    0x00006205      0x304 ./src/EXTI_program.o
 .debug_info    0x00006509      0x1de ./src/GPIO_program.o
 .debug_info    0x000066e7      0x1bf ./src/NVIC_program.o
 .debug_info    0x000068a6      0x105 ./src/RCC_program.o
 .debug_info    0x000069ab      0x2b5 ./src/SysTick_program.o
 .debug_info    0x00006c60      0x395 ./src/main.o

.debug_abbrev   0x00000000     0x1a64
 *(.debug_abbrev)
 .debug_abbrev  0x00000000      0x1f3 ./system/src/newlib/_exit.o
 .debug_abbrev  0x000001f3      0x1fc ./system/src/newlib/_sbrk.o
 .debug_abbrev  0x000003ef      0x1cb ./system/src/newlib/_startup.o
 .debug_abbrev  0x000005ba      0x234 ./system/src/newlib/_syscalls.o
 .debug_abbrev  0x000007ee      0x276 ./system/src/diag/Trace.o
 .debug_abbrev  0x00000a64      0x2ef ./system/src/diag/trace_impl.o
 .debug_abbrev  0x00000d53      0x1de ./system/src/cortexm/_initialize_hardware.o
 .debug_abbrev  0x00000f31      0x32b ./system/src/cortexm/exception_handlers.o
 .debug_abbrev  0x0000125c      0x216 ./system/src/cmsis/system_stm32f4xx.o
 .debug_abbrev  0x00001472       0x9d ./system/src/cmsis/vectors_stm32f401xc.o
 .debug_abbrev  0x0000150f      0x11f ./src/EXTI_program.o
 .debug_abbrev  0x0000162e       0xb5 ./src/GPIO_program.o
 .debug_abbrev  0x000016e3       0xcb ./src/NVIC_program.o
 .debug_abbrev  0x000017ae       0x7b ./src/RCC_program.o
 .debug_abbrev  0x00001829      0x14e ./src/SysTick_program.o
 .debug_abbrev  0x00001977       0xed ./src/main.o

.debug_line     0x00000000     0x518a
 *(.debug_line)
 .debug_line    0x00000000      0x47f ./system/src/newlib/_exit.o
 .debug_line    0x0000047f      0x433 ./system/src/newlib/_sbrk.o
 .debug_line    0x000008b2      0x4fb ./system/src/newlib/_startup.o
 .debug_line    0x00000dad      0x595 ./system/src/newlib/_syscalls.o
 .debug_line    0x00001342      0x4fb ./system/src/diag/Trace.o
 .debug_line    0x0000183d      0xbef ./system/src/diag/trace_impl.o
 .debug_line    0x0000242c      0xb58 ./system/src/cortexm/_initialize_hardware.o
 .debug_line    0x00002f84      0xca6 ./system/src/cortexm/exception_handlers.o
 .debug_line    0x00003c2a      0xb5e ./system/src/cmsis/system_stm32f4xx.o
 .debug_line    0x00004788      0x14e ./system/src/cmsis/vectors_stm32f401xc.o
 .debug_line    0x000048d6      0x232 ./src/EXTI_program.o
 .debug_line    0x00004b08      0x154 ./src/GPIO_program.o
 .debug_line    0x00004c5c      0x132 ./src/NVIC_program.o
 .debug_line    0x00004d8e       0xd2 ./src/RCC_program.o
 .debug_line    0x00004e60      0x18a ./src/SysTick_program.o
 .debug_line    0x00004fea      0x1a0 ./src/main.o

.debug_frame    0x00000000      0xb40
 *(.debug_frame)
 .debug_frame   0x00000000       0x38 ./system/src/newlib/_exit.o
 .debug_frame   0x00000038       0x28 ./system/src/newlib/_sbrk.o
 .debug_frame   0x00000060       0x7c ./system/src/newlib/_startup.o
 .debug_frame   0x000000dc       0x50 ./system/src/newlib/_syscalls.o
 .debug_frame   0x0000012c       0x94 ./system/src/diag/Trace.o
 .debug_frame   0x000001c0       0x64 ./system/src/diag/trace_impl.o
 .debug_frame   0x00000224       0x40 ./system/src/cortexm/_initialize_hardware.o
 .debug_frame   0x00000264      0x158 ./system/src/cortexm/exception_handlers.o
 .debug_frame   0x000003bc       0x30 ./system/src/cmsis/system_stm32f4xx.o
 .debug_frame   0x000003ec       0x20 ./system/src/cmsis/vectors_stm32f401xc.o
 .debug_frame   0x0000040c      0x1f0 ./src/EXTI_program.o
 .debug_frame   0x000005fc       0x84 ./src/GPIO_program.o
 .debug_frame   0x00000680       0x80 ./src/NVIC_program.o
 .debug_frame   0x00000700       0x40 ./src/RCC_program.o
 .debug_frame   0x00000740       0xd0 ./src/SysTick_program.o
 .debug_frame   0x00000810       0x68 ./src/main.o
 .debug_frame   0x00000878       0x20 c:/users/salma/onedrive/desktop/embedded_systems/zipped/01- imt sdk-20230714t090256z-001/01- imt sdk/imt_sdk_win_64/winarm/armgcc/bin/../lib/gcc/arm-none-eabi/7.2.1/../../../../arm-none-eabi/lib/thumb/v7e-m\libg_nano.a(lib_a-errno.o)
 .debug_frame   0x00000898       0x4c c:/users/salma/onedrive/desktop/embedded_systems/zipped/01- imt sdk-20230714t090256z-001/01- imt sdk/imt_sdk_win_64/winarm/armgcc/bin/../lib/gcc/arm-none-eabi/7.2.1/../../../../arm-none-eabi/lib/thumb/v7e-m\libg_nano.a(lib_a-vsnprintf.o)
 .debug_frame   0x000008e4       0x90 c:/users/salma/onedrive/desktop/embedded_systems/zipped/01- imt sdk-20230714t090256z-001/01- imt sdk/imt_sdk_win_64/winarm/armgcc/bin/../lib/gcc/arm-none-eabi/7.2.1/../../../../arm-none-eabi/lib/thumb/v7e-m\libg_nano.a(lib_a-nano-svfprintf.o)
 .debug_frame   0x00000974       0x60 c:/users/salma/onedrive/desktop/embedded_systems/zipped/01- imt sdk-20230714t090256z-001/01- imt sdk/imt_sdk_win_64/winarm/armgcc/bin/../lib/gcc/arm-none-eabi/7.2.1/../../../../arm-none-eabi/lib/thumb/v7e-m\libg_nano.a(lib_a-nano-vfprintf_i.o)
 .debug_frame   0x000009d4       0x28 c:/users/salma/onedrive/desktop/embedded_systems/zipped/01- imt sdk-20230714t090256z-001/01- imt sdk/imt_sdk_win_64/winarm/armgcc/bin/../lib/gcc/arm-none-eabi/7.2.1/../../../../arm-none-eabi/lib/thumb/v7e-m\libg_nano.a(lib_a-memcpy-stub.o)
 .debug_frame   0x000009fc       0x28 c:/users/salma/onedrive/desktop/embedded_systems/zipped/01- imt sdk-20230714t090256z-001/01- imt sdk/imt_sdk_win_64/winarm/armgcc/bin/../lib/gcc/arm-none-eabi/7.2.1/../../../../arm-none-eabi/lib/thumb/v7e-m\libg_nano.a(lib_a-memmove.o)
 .debug_frame   0x00000a24       0x38 c:/users/salma/onedrive/desktop/embedded_systems/zipped/01- imt sdk-20230714t090256z-001/01- imt sdk/imt_sdk_win_64/winarm/armgcc/bin/../lib/gcc/arm-none-eabi/7.2.1/../../../../arm-none-eabi/lib/thumb/v7e-m\libg_nano.a(lib_a-nano-freer.o)
 .debug_frame   0x00000a5c       0x2c c:/users/salma/onedrive/desktop/embedded_systems/zipped/01- imt sdk-20230714t090256z-001/01- imt sdk/imt_sdk_win_64/winarm/armgcc/bin/../lib/gcc/arm-none-eabi/7.2.1/../../../../arm-none-eabi/lib/thumb/v7e-m\libg_nano.a(lib_a-nano-mallocr.o)
 .debug_frame   0x00000a88       0x3c c:/users/salma/onedrive/desktop/embedded_systems/zipped/01- imt sdk-20230714t090256z-001/01- imt sdk/imt_sdk_win_64/winarm/armgcc/bin/../lib/gcc/arm-none-eabi/7.2.1/../../../../arm-none-eabi/lib/thumb/v7e-m\libg_nano.a(lib_a-nano-reallocr.o)
 .debug_frame   0x00000ac4       0x2c c:/users/salma/onedrive/desktop/embedded_systems/zipped/01- imt sdk-20230714t090256z-001/01- imt sdk/imt_sdk_win_64/winarm/armgcc/bin/../lib/gcc/arm-none-eabi/7.2.1/../../../../arm-none-eabi/lib/thumb/v7e-m\libg_nano.a(lib_a-sbrkr.o)
 .debug_frame   0x00000af0       0x30 c:/users/salma/onedrive/desktop/embedded_systems/zipped/01- imt sdk-20230714t090256z-001/01- imt sdk/imt_sdk_win_64/winarm/armgcc/bin/../lib/gcc/arm-none-eabi/7.2.1/../../../../arm-none-eabi/lib/thumb/v7e-m\libg_nano.a(lib_a-mlock.o)
 .debug_frame   0x00000b20       0x20 c:/users/salma/onedrive/desktop/embedded_systems/zipped/01- imt sdk-20230714t090256z-001/01- imt sdk/imt_sdk_win_64/winarm/armgcc/bin/../lib/gcc/arm-none-eabi/7.2.1/../../../../arm-none-eabi/lib/thumb/v7e-m\libg_nano.a(lib_a-nano-msizer.o)

.debug_str      0x00000000    0x74013
 *(.debug_str)
 .debug_str     0x00000000     0x7d39 ./system/src/newlib/_exit.o
                               0x7f0c (size before relaxing)
 .debug_str     0x00007d39      0x4f5 ./system/src/newlib/_sbrk.o
                               0x72be (size before relaxing)
 .debug_str     0x0000822e      0xc23 ./system/src/newlib/_startup.o
                               0x6a5f (size before relaxing)
 .debug_str     0x00008e51      0xe8b ./system/src/newlib/_syscalls.o
                               0x8199 (size before relaxing)
 .debug_str     0x00009cdc      0x826 ./system/src/diag/Trace.o
                               0x8684 (size before relaxing)
 .debug_str     0x0000a502    0x67a2e ./system/src/diag/trace_impl.o
                              0x709aa (size before relaxing)
 .debug_str     0x00071f30       0xc4 ./system/src/cortexm/_initialize_hardware.o
                              0x6f73c (size before relaxing)
 .debug_str     0x00071ff4      0x1a6 ./system/src/cortexm/exception_handlers.o
                              0x70b34 (size before relaxing)
 .debug_str     0x0007219a      0x164 ./system/src/cmsis/system_stm32f4xx.o
                              0x6f81d (size before relaxing)
 .debug_str     0x000722fe       0x59 ./system/src/cmsis/vectors_stm32f401xc.o
                               0x389c (size before relaxing)
 .debug_str     0x00072357      0x4af ./src/EXTI_program.o
                               0x3278 (size before relaxing)
 .debug_str     0x00072806      0x5eb ./src/GPIO_program.o
                               0x3567 (size before relaxing)
 .debug_str     0x00072df1      0x665 ./src/NVIC_program.o
                               0x35dc (size before relaxing)
 .debug_str     0x00073456      0x7a2 ./src/RCC_program.o
                               0x3719 (size before relaxing)
 .debug_str     0x00073bf8      0x36a ./src/SysTick_program.o
                               0x330d (size before relaxing)
 .debug_str     0x00073f62       0xb1 ./src/main.o
                               0x3a71 (size before relaxing)

.debug_loc      0x00000000     0x1412
 *(.debug_loc)
 .debug_loc     0x00000000       0x85 ./system/src/newlib/_sbrk.o
 .debug_loc     0x00000085      0x2cb ./system/src/newlib/_startup.o
 .debug_loc     0x00000350       0x63 ./system/src/newlib/_syscalls.o
 .debug_loc     0x000003b3       0xf6 ./system/src/diag/Trace.o
 .debug_loc     0x000004a9      0x121 ./system/src/diag/trace_impl.o
 .debug_loc     0x000005ca      0x291 ./system/src/cortexm/exception_handlers.o
 .debug_loc     0x0000085b      0x13e ./system/src/cmsis/system_stm32f4xx.o
 .debug_loc     0x00000999       0x63 ./src/EXTI_program.o
 .debug_loc     0x000009fc      0x517 ./src/GPIO_program.o
 .debug_loc     0x00000f13      0x214 ./src/NVIC_program.o
 .debug_loc     0x00001127      0x14c ./src/RCC_program.o
 .debug_loc     0x00001273      0x157 ./src/SysTick_program.o
 .debug_loc     0x000013ca       0x48 ./src/main.o

.debug_macinfo
 *(.debug_macinfo)

.debug_weaknames
 *(.debug_weaknames)

.debug_funcnames
 *(.debug_funcnames)

.debug_typenames
 *(.debug_typenames)

.debug_varnames
 *(.debug_varnames)
OUTPUT(BlackPill.elf elf32-littlearm)

.debug_ranges   0x00000000      0x3f8
 .debug_ranges  0x00000000       0x18 ./system/src/newlib/_exit.o
 .debug_ranges  0x00000018       0x10 ./system/src/newlib/_sbrk.o
 .debug_ranges  0x00000028       0x90 ./system/src/newlib/_startup.o
 .debug_ranges  0x000000b8       0x20 ./system/src/newlib/_syscalls.o
 .debug_ranges  0x000000d8       0x28 ./system/src/diag/Trace.o
 .debug_ranges  0x00000100       0x50 ./system/src/diag/trace_impl.o
 .debug_ranges  0x00000150       0x18 ./system/src/cortexm/_initialize_hardware.o
 .debug_ranges  0x00000168       0x80 ./system/src/cortexm/exception_handlers.o
 .debug_ranges  0x000001e8       0x18 ./system/src/cmsis/system_stm32f4xx.o
 .debug_ranges  0x00000200       0x10 ./system/src/cmsis/vectors_stm32f401xc.o
 .debug_ranges  0x00000210       0xb8 ./src/EXTI_program.o
 .debug_ranges  0x000002c8       0x30 ./src/GPIO_program.o
 .debug_ranges  0x000002f8       0x40 ./src/NVIC_program.o
 .debug_ranges  0x00000338       0x20 ./src/RCC_program.o
 .debug_ranges  0x00000358       0x60 ./src/SysTick_program.o
 .debug_ranges  0x000003b8       0x40 ./src/main.o

.debug_macro    0x00000000     0x3ad6
 .debug_macro   0x00000000      0x1b4 ./system/src/newlib/_exit.o
 .debug_macro   0x000001b4      0x10e ./system/src/newlib/_exit.o
 .debug_macro   0x000002c2       0x8d ./system/src/newlib/_exit.o
 .debug_macro   0x0000034f       0x35 ./system/src/newlib/_exit.o
 .debug_macro   0x00000384      0x169 ./system/src/newlib/_sbrk.o
 .debug_macro   0x000004ed      0x174 ./system/src/newlib/_sbrk.o
 .debug_macro   0x00000661       0x10 ./system/src/newlib/_sbrk.o
 .debug_macro   0x00000671      0x23b ./system/src/newlib/_sbrk.o
 .debug_macro   0x000008ac      0x173 ./system/src/newlib/_startup.o
 .debug_macro   0x00000a1f      0xa72 ./system/src/newlib/_startup.o
 .debug_macro   0x00001491      0x217 ./system/src/newlib/_syscalls.o
 .debug_macro   0x000016a8       0x1c ./system/src/newlib/_syscalls.o
 .debug_macro   0x000016c4       0x10 ./system/src/newlib/_syscalls.o
 .debug_macro   0x000016d4       0x10 ./system/src/newlib/_syscalls.o
 .debug_macro   0x000016e4       0x10 ./system/src/newlib/_syscalls.o
 .debug_macro   0x000016f4       0x35 ./system/src/newlib/_syscalls.o
 .debug_macro   0x00001729      0x122 ./system/src/newlib/_syscalls.o
 .debug_macro   0x0000184b       0x88 ./system/src/newlib/_syscalls.o
 .debug_macro   0x000018d3       0x2b ./system/src/newlib/_syscalls.o
 .debug_macro   0x000018fe      0x118 ./system/src/newlib/_syscalls.o
 .debug_macro   0x00001a16      0x189 ./system/src/newlib/_syscalls.o
 .debug_macro   0x00001b9f       0x16 ./system/src/newlib/_syscalls.o
 .debug_macro   0x00001bb5      0x1fb ./system/src/diag/Trace.o
 .debug_macro   0x00001db0       0x4c ./system/src/diag/Trace.o
 .debug_macro   0x00001dfc       0x16 ./system/src/diag/Trace.o
 .debug_macro   0x00001e12      0x52a ./system/src/diag/trace_impl.o
 .debug_macro   0x0000233c       0x22 ./system/src/diag/trace_impl.o
 .debug_macro   0x0000235e      0x4ee ./system/src/cortexm/_initialize_hardware.o
 .debug_macro   0x0000284c      0x557 ./system/src/cortexm/exception_handlers.o
 .debug_macro   0x00002da3       0x3b ./system/src/cortexm/exception_handlers.o
 .debug_macro   0x00002dde      0x4ea ./system/src/cmsis/system_stm32f4xx.o
 .debug_macro   0x000032c8       0x34 ./system/src/cmsis/vectors_stm32f401xc.o
 .debug_macro   0x000032fc       0x3f ./src/EXTI_program.o
 .debug_macro   0x0000333b       0x1c ./src/EXTI_program.o
 .debug_macro   0x00003357       0x3a ./src/EXTI_program.o
 .debug_macro   0x00003391       0x82 ./src/EXTI_program.o
 .debug_macro   0x00003413       0x16 ./src/EXTI_program.o
 .debug_macro   0x00003429       0x48 ./src/GPIO_program.o
 .debug_macro   0x00003471       0x64 ./src/GPIO_program.o
 .debug_macro   0x000034d5       0xb8 ./src/GPIO_program.o
 .debug_macro   0x0000358d       0x76 ./src/GPIO_program.o
 .debug_macro   0x00003603       0x44 ./src/NVIC_program.o
 .debug_macro   0x00003647       0xd0 ./src/NVIC_program.o
 .debug_macro   0x00003717       0x4c ./src/NVIC_program.o
 .debug_macro   0x00003763       0x10 ./src/NVIC_program.o
 .debug_macro   0x00003773       0x42 ./src/RCC_program.o
 .debug_macro   0x000037b5      0x13c ./src/RCC_program.o
 .debug_macro   0x000038f1       0x1c ./src/RCC_program.o
 .debug_macro   0x0000390d       0x9a ./src/RCC_program.o
 .debug_macro   0x000039a7       0x3f ./src/SysTick_program.o
 .debug_macro   0x000039e6       0x16 ./src/SysTick_program.o
 .debug_macro   0x000039fc       0x58 ./src/SysTick_program.o
 .debug_macro   0x00003a54       0x82 ./src/main.o
